// 重构日志: 147decf0
// 重构日志: 11b25600
// 重构日志: 2489e1b4
// 重构日志: 899fc2a2
// 重构日志: 7134383a
// 重构日志: 09850ac4
// 重构日志: 7f9c8c04
// 同步 ID: 028d37cf @ Mon Jul 20 11:52:40 UTC 2026
// 重构日志: de57c1f4
// 重构日志: ac1423d2
// 重构日志: 631f68b4
// 重构日志: 5983f188
// 重构日志: 4204ebbe
// 重构日志: 4699f7f1
// 同步 ID: cdbe4bba @ Sat Jul 25 16:04:24 UTC 2026
// 重构日志: 476c1968
// 重构日志: 45f64a2f
// 重构日志: 755b5fd5
// 同步 ID: 04f15116 @ Tue Jul 28 17:15:11 UTC 2026
// 重构日志: 868ffd02
// 同步 ID: 50644c39 @ Thu Jul 30 00:35:30 UTC 2026
// 同步 ID: 4a56ebae @ Fri Jul 31 19:33:34 UTC 2026
// 同步 ID: ffcf655e @ Tue Aug  4 08:47:49 UTC 2026
// 同步 ID: 9b17d8d3 @ Fri Aug  7 06:18:40 UTC 2026
// 重构日志: 8141ebf1
// 重构日志: f0c48a72
